// Jest Snapshot v1, https://goo.gl/fbAQLP

exports[`About component matches snapshot DOM node structure 1`] = `
<DocumentFragment>
  <section
    class="my-5"
  >
    <h1
      id="about"
    >
      Who I am
    </h1>
    <img
      alt="headshot"
      class="my-2"
      src="profile.jpg"
    />
    <p>
     highly motivated learner and eager to face with problems.I'm an enthusiastic, responsible and hard working developer. Being worked for different projects helped me to adopt to the changes quickly and made me a mature team worker. I am able to work well both in a team environment as well as using own initiative. I am able to work well under pressure and adhere to strict deadlines.
    </p>
    <p>
      When I started to include coding skills in my curriculum, I realized that I wanted to be the one to find innovative and effective solutions to real-world problems.
    </p>
    <p>
      I currently work with JavaScript frameworks, and I'm hoping to grow and evolve by developing my skills using databases, back-end technologies, and many more.
    </p>
    <p>
      I'm really excited to take the leap with the right organization and to start building!
    </p>
    <h1
      id="what-I-do"
    >
      What I do
    </h1>
    <h2>
      Code
    </h2>
    <p>
      I love to code and and I love to solve problems.  I always seek to challenge myself and I can offer drive and commitment to building and maintaining high quality web applications.
    </p>
    <h2>
      Refine
    </h2>
    <p>
      I'm really interested in optimization for efficiency and scalability. I'm also a big fan of unit tests. I love to find ways to refactor and improve my code and to incorporate new ideas or technologies.
    </p>
    <h2>
      Repeat
    </h2>
    <p>
      Lifelong learning is my passion and I'm excited to keep growing and developing my skills and knowledge. I thrive in an environment dedicated to teamwork and cooperation.
    </p>
  </section>
</DocumentFragment>
`;
